// Vitest Snapshot v1, https://vitest.dev/guide/snapshot.html

exports[`User Service > create user 1`] = `
{
  "email": "test@test.com",
  "id": 4,
  "name": "Test User",
  "password": "passwordHash",
  "roles": [
    "user",
  ],
  "username": "testUsername",
}
`;
